[1m[4mview_name [0m[1m[4m[7mfilter_id [0m[1m[4m[7menabled [0m[1m[4mtype [0m[1m[4mlanguage [0m[1m[4mpattern [0m
log       [1m        0[0m [1m      1[0m out  sql      1       
