 Sat Nov 03 00:00:00          2 normal         2 errors         0 warnings         0 marks
