
[2013-09-06T20:00:49.124] â‹® <com.example.demo    > Starting up [32mservice[0m
