[1m[4mid [0m[1m[4mfirst_name [0m[1m[4mlast_name [0m[1m[4m[7mage [0m
 0 Phil       Myman      30 
 1 Lem        Hewitt     35 
