 Thu Nov 03 09:20:00          1 normal         2 errors         0 warnings         0 marks
 Thu Nov 03 09:45:00          1 normal         0 errors         0 warnings         0 marks
[1m Fri Feb 03 09:20:00          0 normal         1 errors         0 warnings         0 marks[0m
[1m Wed Jan 03 09:20:00          1 normal         0 errors         0 warnings         0 marks[0m
