[7m [0mSat Nov 03 08:00:00          1 normal         0 errors         0 warnings         0 marks
