 Sat Nov 03 09:20:00          1 normal         2 errors         0 warnings         1 marks
 Sat Nov 03 09:45:00          1 normal         0 errors         0 warnings         0 marks
