[
    {
        "log_line": 0,
        "log_time": "2013-09-06 20:00:48.124",
        "log_level": "trace",
        "arr": null,
        "obj": null,
        "lvl": "TRACE",
        "user": null,
        "log_part": null,
        "log_idle_msecs": 0,
        "log_mark": 0,
        "log_comment": null,
        "log_tags": null,
        "log_annotations": null,
        "log_filters": null
    },
    {
        "log_line": 2,
        "log_time": "2013-09-06 20:00:49.124",
        "log_level": "info",
        "arr": null,
        "obj": null,
        "lvl": "INFO",
        "user": null,
        "log_part": null,
        "log_idle_msecs": 1000,
        "log_mark": 0,
        "log_comment": null,
        "log_tags": null,
        "log_annotations": null,
        "log_filters": null
    },
    {
        "log_line": 4,
        "log_time": "2013-09-06 22:00:49.124",
        "log_level": "info",
        "arr": null,
        "obj": null,
        "lvl": "INFO",
        "user": "steve@example.com",
        "log_part": null,
        "log_idle_msecs": 7200000,
        "log_mark": 0,
        "log_comment": null,
        "log_tags": null,
        "log_annotations": null,
        "log_filters": null
    },
    {
        "log_line": 7,
        "log_time": "2013-09-06 22:00:59.124",
        "log_level": "debug5",
        "arr": null,
        "obj": null,
        "lvl": "DEBUG5",
        "user": null,
        "log_part": null,
        "log_idle_msecs": 10000,
        "log_mark": 0,
        "log_comment": null,
        "log_tags": null,
        "log_annotations": null,
        "log_filters": null
    },
    {
        "log_line": 9,
        "log_time": "2013-09-06 22:00:59.124",
        "log_level": "debug4",
        "arr": null,
        "obj": null,
        "lvl": "DEBUG4",
        "user": null,
        "log_part": null,
        "log_idle_msecs": 0,
        "log_mark": 0,
        "log_comment": null,
        "log_tags": null,
        "log_annotations": null,
        "log_filters": null
    },
    {
        "log_line": 11,
        "log_time": "2013-09-06 22:00:59.124",
        "log_level": "debug3",
        "arr": null,
        "obj": null,
        "lvl": "DEBUG3",
        "user": null,
        "log_part": null,
        "log_idle_msecs": 0,
        "log_mark": 0,
        "log_comment": null,
        "log_tags": null,
        "log_annotations": null,
        "log_filters": null
    },
    {
        "log_line": 13,
        "log_time": "2013-09-06 22:00:59.124",
        "log_level": "debug2",
        "arr": null,
        "obj": null,
        "lvl": "DEBUG2",
        "user": null,
        "log_part": null,
        "log_idle_msecs": 0,
        "log_mark": 0,
        "log_comment": null,
        "log_tags": null,
        "log_annotations": null,
        "log_filters": null
    },
    {
        "log_line": 15,
        "log_time": "2013-09-06 22:01:00.000",
        "log_level": "debug",
        "arr": null,
        "obj": null,
        "lvl": "DEBUG",
        "user": null,
        "log_part": null,
        "log_idle_msecs": 876,
        "log_mark": 0,
        "log_comment": null,
        "log_tags": null,
        "log_annotations": null,
        "log_filters": null
    },
    {
        "log_line": 17,
        "log_time": "2013-09-06 22:01:49.124",
        "log_level": "stats",
        "arr": null,
        "obj": null,
        "lvl": "STATS",
        "user": null,
        "log_part": null,
        "log_idle_msecs": 49124,
        "log_mark": 0,
        "log_comment": null,
        "log_tags": null,
        "log_annotations": null,
        "log_filters": null
    },
    {
        "log_line": 19,
        "log_time": "2013-09-06 22:01:49.124",
        "log_level": "warning",
        "arr": null,
        "obj": null,
        "lvl": "WARNING",
        "user": null,
        "log_part": null,
        "log_idle_msecs": 0,
        "log_mark": 0,
        "log_comment": null,
        "log_tags": null,
        "log_annotations": null,
        "log_filters": null
    },
    {
        "log_line": 21,
        "log_time": "2013-09-06 22:01:49.124",
        "log_level": "error",
        "arr": null,
        "obj": null,
        "lvl": "ERROR",
        "user": null,
        "log_part": null,
        "log_idle_msecs": 0,
        "log_mark": 0,
        "log_comment": null,
        "log_tags": null,
        "log_annotations": null,
        "log_filters": null
    },
    {
        "log_line": 23,
        "log_time": "2013-09-06 22:01:49.124",
        "log_level": "critical",
        "arr": null,
        "obj": null,
        "lvl": "CRITICAL",
        "user": null,
        "log_part": null,
        "log_idle_msecs": 0,
        "log_mark": 0,
        "log_comment": null,
        "log_tags": null,
        "log_annotations": null,
        "log_filters": null
    },
    {
        "log_line": 25,
        "log_time": "2013-09-06 22:01:49.124",
        "log_level": "fatal",
        "arr": [
            "hi",
            {
                "sub1": true
            }
        ],
        "obj": {
            "field1": "hi",
            "field2": 2
        },
        "lvl": "FATAL",
        "user": null,
        "log_part": null,
        "log_idle_msecs": 0,
        "log_mark": 0,
        "log_comment": null,
        "log_tags": null,
        "log_annotations": null,
        "log_filters": null
    }
]
